[preview.colorlib.com/theme/cassi/index.html]
[backblue.gif]
[fade.gif]
[index.html]
[preview.colorlib.com/theme/cassi/css/bootstrap.min.css+font-awesome.min.css+elegant-icons.css+owl.carousel.min.css.pagespeed.cc.8t78HUycpQ.css]
[preview.colorlib.com/theme/cassi/css/A.style.css.pagespeed.cf.tzW3JrdnxI.css]
[preview.colorlib.com/theme/cassi/index-2.html]
[preview.colorlib.com/theme/cassi/img/xlogo.png.pagespeed.ic.d-wnQsIa34.png]
[preview.colorlib.com/theme/cassi/gallery.html]
[preview.colorlib.com/theme/cassi/blog.html]
[preview.colorlib.com/theme/cassi/about.html]
[preview.colorlib.com/theme/cassi/contact.html]
[preview.colorlib.com/theme/cassi/js/vendor/jquery-3.2.1.min.js]
[preview.colorlib.com/theme/cassi/js/bootstrap.min.js]
[preview.colorlib.com/theme/cassi/js/owl.carousel.min.js+masonry.pkgd.min.js.pagespeed.jc.N2mEFGZLwT.js]
[preview.colorlib.com/theme/cassi/index.html]
[preview.colorlib.com/theme/cassi/js/main.js]
[preview.colorlib.com/theme/cassi/icon-fonts/fontawesome-webfont3e6e.eot]
[preview.colorlib.com/theme/cassi/icon-fonts/fontawesome-webfontd41d.eot]
[preview.colorlib.com/theme/cassi/icon-fonts/fontawesome-webfont3e6e.woff2]
[preview.colorlib.com/theme/cassi/icon-fonts/fontawesome-webfont3e6e.woff]
[preview.colorlib.com/theme/cassi/icon-fonts/fontawesome-webfont3e6e.ttf]
[preview.colorlib.com/theme/cassi/icon-fonts/ElegantIcons.eot]
[preview.colorlib.com/theme/cassi/icon-fonts/fontawesome-webfont3e6e.svg]
[preview.colorlib.com/theme/cassi/icon-fonts/ElegantIconsd41d.eot]
[preview.colorlib.com/theme/cassi/icon-fonts/ElegantIcons.woff]
[preview.colorlib.com/theme/cassi/icon-fonts/ElegantIcons.ttf]
[preview.colorlib.com/theme/cassi/css/owl.video.play.png]
[preview.colorlib.com/theme/cassi/css/bootstrap.min.css+font-awesome.min.css+elegant-icons.css+owl.carousel.min.css.pagespeed.cc.8t78HUycpQ.css]
[preview.colorlib.com/theme/cassi/css/A.style.css.pagespeed.cf.tzW3JrdnxI.css]
[preview.colorlib.com/cdn-cgi/zaraz/sd0d9.html]
[preview.colorlib.com/theme/cassi/icon-fonts/ElegantIcons.svg]
[preview.colorlib.com/theme/cassi/index-2.html]
[preview.colorlib.com/theme/cassi/css/A.bootstrap.min.css+font-awesome.min.css+elegant-icons.css+owl.carousel.min.css,Mcc.8t78HUycpQ.css.pagespeed.cf.IR_9sQCirX.css]
[preview.colorlib.com/theme/cassi/css/bootstrap.min.css+font-awesome.min.css+elegant-icons.css+fresco.css.pagespeed.cc.IRWitzmBi9.css]
[preview.colorlib.com/theme/cassi/img/projects/1.jpg]
[preview.colorlib.com/theme/cassi/img/projects/x1.jpg.pagespeed.ic.r08CBlLbA5.jpg]
[preview.colorlib.com/theme/cassi/img/projects/2.jpg]
[preview.colorlib.com/theme/cassi/img/projects/3.jpg]
[preview.colorlib.com/theme/cassi/img/projects/4.jpg]
[preview.colorlib.com/theme/cassi/img/projects/5.jpg]
[preview.colorlib.com/theme/cassi/img/projects/6.jpg]
[preview.colorlib.com/theme/cassi/img/projects/7.jpg]
[preview.colorlib.com/theme/cassi/img/projects/8.jpg]
[preview.colorlib.com/theme/cassi/img/projects/11.jpg]
[preview.colorlib.com/theme/cassi/img/projects/9.jpg]
[preview.colorlib.com/theme/cassi/img/projects/10.jpg]
[preview.colorlib.com/theme/cassi/img/projects/12.jpg]
[preview.colorlib.com/theme/cassi/img/projects/13.jpg]
[preview.colorlib.com/theme/cassi/img/projects/15.jpg]
[preview.colorlib.com/theme/cassi/img/projects/16.jpg]
[preview.colorlib.com/theme/cassi/img/projects/14.jpg]
[preview.colorlib.com/theme/cassi/gallery.html]
[preview.colorlib.com/theme/cassi/js/fresco.min.js]
[preview.colorlib.com/theme/cassi/css/bootstrap.min.css+font-awesome.min.css+elegant-icons.css.pagespeed.cc.spF6hkY8PO.css]
[preview.colorlib.com/theme/cassi/blog.html]
[preview.colorlib.com/theme/cassi/blog-single.html]
[preview.colorlib.com/theme/cassi/css/A.bootstrap.min.css+font-awesome.min.css+elegant-icons.css,Mcc.spF6hkY8PO.css.pagespeed.cf.1al40Xxewm.css]
[preview.colorlib.com/theme/cassi/img/team-1.jpg]
[preview.colorlib.com/theme/cassi/img/team-2.jpg]
[preview.colorlib.com/theme/cassi/img/team-3.jpg]
[preview.colorlib.com/theme/cassi/img/team-4.jpg]
[preview.colorlib.com/theme/cassi/img/team-5.jpg]
[preview.colorlib.com/theme/cassi/img/team-6.jpg]
[preview.colorlib.com/theme/cassi/about.html]
[preview.colorlib.com/theme/cassi/contact.html]
[preview.colorlib.com/theme/cassi/icon-fonts/fontawesome-webfont3e6e.html]
[preview.colorlib.com/theme/cassi/icon-fonts/fontawesome-webfont3e6e.svg]
[preview.colorlib.com/theme/cassi/icon-fonts/ElegantIcons.svg]
[preview.colorlib.com/theme/cassi/css/owl.video.play.html]
[preview.colorlib.com/theme/cassi/css/A.bootstrap.min.css+font-awesome.min.css+elegant-icons.css+owl.carousel.min.css,Mcc.8t78HUycpQ.css.pagespeed.cf.IR_9sQCirX.css]
[preview.colorlib.com/theme/cassi/css/bootstrap.min.css+font-awesome.min.css+elegant-icons.css+fresco.css.pagespeed.cc.IRWitzmBi9.css]
[preview.colorlib.com/theme/cassi/css/bootstrap.min.css+font-awesome.min.css+elegant-icons.css.pagespeed.cc.spF6hkY8PO.css]
[preview.colorlib.com/cdn-cgi/scripts/5c5dd728/cloudflare-static/email-decode.min.js]
[preview.colorlib.com/theme/cassi/css/A.bootstrap.min.css+font-awesome.min.css+elegant-icons.css+fresco.css,Mcc.IRWitzmBi9.css.pagespeed.cf.ra1KC0ClIA.css]
[preview.colorlib.com/theme/cassi/img/blog/bg-1.jpg]
[preview.colorlib.com/theme/cassi/img/blog/bg-2.jpg]
[preview.colorlib.com/theme/cassi/img/blog/bg-3.jpg]
[preview.colorlib.com/theme/cassi/img/blog/bg-4.jpg]
[preview.colorlib.com/theme/cassi/blog-single.html]
[preview.colorlib.com/theme/cassi/css/A.bootstrap.min.css+font-awesome.min.css+elegant-icons.css,Mcc.spF6hkY8PO.css.pagespeed.cf.1al40Xxewm.css]
[preview.colorlib.com/theme/cassi/css/A.bootstrap.min.css+font-awesome.min.css+elegant-icons.css+fresco.css,Mcc.IRWitzmBi9.css.pagespeed.cf.ra1KC0ClIA.css]
